15:19:04 **** Incremental Build of configuration Debug for project lec1 ****
make -j12 all 
arm-none-eabi-gcc "../Core/Src/main.c" -mcpu=cortex-m4 -std=gnu11 -g3 -DDEBUG -DUSE_HAL_DRIVER -DSTM32F401xE -c -I../Core/Inc -I../Drivers/STM32F4xx_HAL_Driver/Inc -I../Drivers/STM32F4xx_HAL_Driver/Inc/Legacy -I../Drivers/CMSIS/Device/ST/STM32F4xx/Include -I../Drivers/CMSIS/Include -O0 -ffunction-sections -fdata-sections -Wall -fstack-usage -fcyclomatic-complexity -MMD -MP -MF"Core/Src/main.d" -MT"Core/Src/main.o" --specs=nano.specs -mfpu=fpv4-sp-d16 -mfloat-abi=hard -mthumb -o "Core/Src/main.o"
arm-none-eabi-gcc -o "lec1.elf" @"objects.list"   -mcpu=cortex-m4 -T"C:\Users\tyw\STM32CubeIDE\workspace_1.17.0\lec1\STM32F401CEUX_FLASH.ld" --specs=nosys.specs -Wl,-Map="lec1.map" -Wl,--gc-sections -static --specs=nano.specs -mfpu=fpv4-sp-d16 -mfloat-abi=hard -mthumb -Wl,--start-group -lc -lm -Wl,--end-group
Finished building target: lec1.elf
 
arm-none-eabi-size  lec1.elf 
arm-none-eabi-objdump -h -S lec1.elf  > "lec1.list"
   text	   data	    bss	    dec	    hex	filename
   8176	     16	   1648	   9840	   2670	lec1.elf
Finished building: default.size.stdout
 
Finished building: lec1.list
 

15:19:04 Build Finished. 0 errors, 0 warnings. (took 726ms)

